[09:50:18] CALL list_directory {'path': '.'}
[09:50:18] RESULT list_directory [ok] dir              Android
dir              Books
dir              DCIM
dir              Documents
dir              Download
dir              Files by Google
dir              MT2
dir              MacroDroid
dir              Movies
dir              Music
dir              Notifications
dir              PPSSPP
dir              Pictures
dir              ReadEra
dir              Recordings
dir              Ringtones
dir              WIN
dir              core
dir              ctrl_check_outside
dir              fs_check_outside
dir              termux
[09:50:20] CALL list_directory {'path': 'core'}
[09:50:20] RESULT list_directory [ok] file      44949  faah.mp3
file       6406  part1.amr
file     128078  part1.wav
file       5894  part2.amr
file     117838  part2.wav
file      12294  recent_audio.amr
file       1254  tetris.md
file       1749  tetris.pdf
file        387  transcription.txt
[09:50:21] CALL run_shell {'command': 'python3 -c "import urllib.request; print(\'python network available\')"'}
[09:50:21] RESULT run_shell [ok] python network available

[09:50:22] CALL run_shell {'command': 'python3 -c "import yt_dlp; print(\'yt-dlp available\')"'}
[09:50:24] RESULT run_shell [ok] yt-dlp available

[09:50:25] CALL run_shell {'command': 'mkdir -p core/qawwali && python3 -c "\nimport yt_dlp\nydl_opts = {\n    \'format\': \'bestaudio/best\',\n    \'outtmpl\': \'core/qawwali/%(title)s.%(ext)s\',\n    \'postprocessors\': [{\n        \'key\': \'FFmpegExtractAudio\',\n        \'preferredcodec\': \'mp3\',\n        \'preferredquality\': \'192\',\n    }],\n}\nwith yt_dlp.YoutubeDL(ydl_opts) as ydl:\n    ydl.download([\'ytsearch1:Tumhe Dillagi Nusrat Fateh Ali Khan\'])\n"'}
[09:50:31] RESULT run_shell [FAILED] [youtube:search] Extracting URL: ytsearch1:Tumhe Dillagi Nusrat Fateh Ali Khan
[download] Downloading playlist: Tumhe Dillagi Nusrat Fateh Ali Khan
[youtube:search] query "Tumhe Dillagi Nusrat Fateh Ali Khan": Downloading web client config
[youtube:search] query "Tumhe Dillagi Nusrat Fateh Ali Khan" page 1: Downloading API JSON
[youtube:search] Playlist Tumhe Dillagi Nusrat Fateh Ali Khan: Downloading 1 items of 1
[download] Downloading item 1 of 1
[youtube] Extracting URL: https://www.youtube.com/watch?v=q4NVp-aFZSw
[youtube] q4NVp-aFZSw: Downloading webpage
[youtube] q4NVp-aFZSw: Downloading android vr player API JSON
[info] q4NVp-aFZSw: Downloading 1 format(s): 251

--- stderr ---
ERROR: unable to download video data: HTTP Error 403: Forbidden
Traceback (most recent call last):
  File "/data/data/com.termux/files/usr/lib/python3.14/site-packages/yt_dlp/YoutubeDL.py", line 3589, in process_info
    success, real_download = self.dl(temp_filename, info_dict)
                             ~~~~~~~^^^^^^^^^^^^^^^^^^^^^^^^^^
  File "/data/data/com.termux/files/usr/lib/python3.14/site-packages/yt_dlp/YoutubeDL.py", line 3324, in dl
    return fd.download(name, new_info, subtitle)
           ~~~~~~~~~~~^^^^^^^^^^^^^^^^^^^^^^^^^^
  File "/data/data/com.termux/files/usr/lib/python3.14/site-packages/yt_dlp/downloader/common.py", line 480, in download
    ret = self.real_download(filename, info_dict)
  File "/data/data/com.termux/files/usr/lib/python3.14/site-packages/yt_dlp/downloader/http.py", line 362, in real_download
    establish_connection()
    ~~~~~~~~~~~~~~~~~~~~^^
  File "/data/data/com.termux/files/usr/lib/python3.14/site-packages/yt_dlp/downloader/http.py", line 119, in establish_connection
    ctx.data = self.ydl.urlopen(request)
               ~~~~~~~~~~~~~~~~^^^^^^^^^
  File "/data/data/com.termux/files/usr/lib/python3.14/site-packages/yt_dlp/YoutubeDL.py", line 4305, in urlopen
    return self._request_director.send(req)
           ~~~~~~~~~~~~~~~~~~~~~~~~~~~^^^^^
  File "/data/data/com.termux/files/usr/lib/python3.14/site-packages/yt_dlp/networking/common.py", line 117, in send
    response = handler.send(request)
  File "/data/data/com.termux/files/usr/lib/python3.14/site-packages/yt_dlp/networking/_helper.py", line 194, in wrapper
    return func(self, *args, **kwargs)
  File "/data/data/com.termux/files/usr/lib/python3.14/site-packages/yt_dlp/networking/common.py", line 359, in send
    return self._send(request)
           ~~~~~~~~~~^^^^^^^^^
  File "/data/data/com.termux/files/usr/lib/python3.14/site-packages/yt_dlp/networking/_requests.py", line 361, in _send
    raise HTTPError(res, redirect_loop=max_redirects_exceeded)
yt_dlp.networking.exceptions.HTTPError: HTTP Error 403: Forbidden

During handling of the above exception, another exception occurred:

Traceback (most recent call last):
  File "<string>", line 13, in <module>
    ydl.download(['ytsearch1:Tumhe Dillagi Nusrat Fateh Ali Khan'])
    ~~~~~~~~~~~~^^^^^^^^^^^^^^^^^^^^^^^^^^^^^^^^^^^^^^^^^^^^^^^^^^^
  File "/data/data/com.termux/files/usr/lib/python3.14/site-packages/yt_dlp/YoutubeDL.py", line 3715, in download
    self.__download_wrapper(self.extract_info)(
    ~~~~~~~~~~~~~~~~~~~~~~~~~~~~~~~~~~~~~~~~~~^
        url, force_generic_extractor=self.params.get('force_generic_extractor', False))
        ^^^^^^^^^^^^^^^^^^^^^^^^^^^^^^^^^^^^^^^^^^^^^^^^^^^^^^^^^^^^^^^^^^^^^^^^^^^^^^^
  File "/data/data/com.termux/files/usr/lib/python3.14/site-packages/yt_dlp/YoutubeDL.py", line 3688, in wrapper
    res = func(*args, **kwargs)
  File "/data/data/com.termux/files/usr/lib/python3.14/site-packages/yt_dlp/YoutubeDL.py", line 1721, in extract_info
    return self.__extract_info(url, self.get_info_extractor(key), download, extra_info, process)
           ~~~~~~~~~~~~~~~~~~~^^^^^^^^^^^^^^^^^^^^^^^^^^^^^^^^^^^^^^^^^^^^^^^^^^^^^^^^^^^^^^^^^^
  File "/data/data/com.termux/files/usr/lib/python3.14/site-packages/yt_dlp/YoutubeDL.py", line 1732, in wrapper
    return func(self, *args, **kwargs)
  File "/data/data/com.termux/files/usr/lib/python3.14/site-packages/yt_dlp/YoutubeDL.py", line 1888, in __extract_info
    return self.process_ie_result(ie_result, download, extra_info)
           ~~~~~~~~~~~~~~~~~~~~~~^^^^^^^^^^^^^^^^^^^^^^^^^^^^^^^^^
  File "/data/data/com.termux/files/usr/lib/python3.14/site-packages/yt_dlp/YoutubeDL.py", line 2017, in process_ie_result
    return self.__process_playlist(ie_result, download)
           ~~~~~~~~~~~~~~~~~~~~~~~^^^^^^^^^^^^^^^^^^^^^
  File "/data/data/com.termux/files/usr/lib/python3.14/site-packages/yt_dlp/YoutubeDL.py", line 2170, in __process_playlist
    entry_result = self.__process_iterable_entry(entry, download, collections.ChainMap({
        'playlist_index': playlist_index,
        'playlist_autonumber': i + 1,
    }, extra))
  File "/data/data/com.termux/files/usr/lib/python3.14/site-packages/yt_dlp/YoutubeDL.py", line 1732, in wrapper
    return func(self, *args, **kwargs)
  File "/data/data/com.termux/files/usr/lib/python3.14/site-packages/yt_dlp/YoutubeDL.py", line 2202, in __process_iterable_entry
    return self.process_ie_result(
           ~~~~~~~~~~~~~~~~~~~~~~^
        entry, download=download, extra_info=extra_info)
        ^^^^^^^^^^^^^^^^^^^^^^^^^^^^^^^^^^^^^^^^^^^^^^^^
  File "/data/data/com.termux/files/usr/lib/python3.14/site-packages/yt_dlp/YoutubeDL.py", line 1967, in process_ie_result
    return self.extract_info(
           ~~~~~~~~~~~~~~~~~^
        ie_result['url'], download,
        ^^^^^^^^^^^^^^^^^^^^^^^^^^^
        ie_key=ie_result.get('ie_key'),
        ^^^^^^^^^^^^^^^^^^^^^^^^^^^^^^^
        extra_info=extra_info)
        ^^^^^^^^^^^^^^^^^^^^^^
  File "/data/data/com.termux/files/usr/lib/python3.14/site-packages/yt_dlp/YoutubeDL.py", line 1721, in extract_info
    return self.__extract_info(url, self.get_info_extractor(key), download, extra_info, process)
           ~~~~~~~~~~~~~~~~~~~^^^^^^^^^^^^^^^^^^^^^^^^^^^^^^^^^^^^^^^^^^^^^^^^^^^^^^^^^^^^^^^^^^
  File "/data/data/com.termux/files/usr/lib/python3.14/site-packages/yt_dlp/YoutubeDL.py", line 1732, in wrapper
    return func(self, *args, **kwargs)
  File "/data/data/com.termux/files/usr/lib/python3.14/site-packages/yt_dlp/YoutubeDL.py", line 1888, in __extract_info
    return self.process_ie_result(ie_result, download, extra_info)
           ~~~~~~~~~~~~~~~~~~~~~~^^^^^^^^^^^^^^^^^^^^^^^^^^^^^^^^^
  File "/data/data/com.termux/files/usr/lib/python3.14/site-packages/yt_dlp/YoutubeDL.py", line 1947, in process_ie_result
    ie_result = self.process_video_result(ie_result, download=download)
  File "/data/data/com.termux/files/usr/lib/python3.14/site-packages/yt_dlp/YoutubeDL.py", line 3135, in process_video_result
    self.process_info(new_info)
    ~~~~~~~~~~~~~~~~~^^^^^^^^^^
  File "/data/data/com.termux/files/usr/lib/python3.14/site-packages/yt_dlp/YoutubeDL.py", line 195, in wrapper
    return func(self, *args, **kwargs)
  File "/data/data/com.termux/files/usr/lib/python3.14/site-packages/yt_dlp/YoutubeDL.py", line 3598, in process_info
    self.report_error(f'unable to download video data: {err}')
    ~~~~~~~~~~~~~~~~~^^^^^^^^^^^^^^^^^^^^^^^^^^^^^^^^^^^^^^^^^
  File "/data/data/com.termux/files/usr/lib/python3.14/site-packages/yt_dlp/YoutubeDL.py", line 1166, in report_error
    self.trouble(f'{self._format_err("ERROR:", self.Styles.ERROR)} {message}', *args, **kwargs)
    ~~~~~~~~~~~~^^^^^^^^^^^^^^^^^^^^^^^^^^^^^^^^^^^^^^^^^^^^^^^^^^^^^^^^^^^^^^^^^^^^^^^^^^^^^^^
  File "/data/data/com.termux/files/usr/lib/python3.14/site-packages/yt_dlp/YoutubeDL.py", line 1104, in trouble
    raise DownloadError(message, exc_info)
yt_dlp.utils.DownloadError: ERROR: unable to download video data: HTTP Error 403: Forbidden

[09:50:32] CALL run_shell {'command': 'pip install --upgrade yt-dlp'}
[09:50:43] RESULT run_shell [ok] Requirement already satisfied: yt-dlp in /data/data/com.termux/files/usr/lib/python3.14/site-packages (2026.7.4)
Collecting yt-dlp
  Downloading yt_dlp-2026.8.19-py3-none-any.whl.metadata (183 kB)
Downloading yt_dlp-2026.8.19-py3-none-any.whl (3.2 MB)
   ━━━━━━━━━━━━━━ 3.2/3.2 MB 1.1 MB/s  0:00:02
Installing collected packages: yt-dlp
  Attempting uninstall: yt-dlp
    Found existing installation: yt-dlp 2026.7.4
    Uninstalling yt-dlp-2026.7.4:
      Successfully uninstalled yt-dlp-2026.7.4
Successfully installed yt-dlp-2026.8.19

[09:50:45] CALL run_shell {'command': 'python3 -c "\nimport yt_dlp\nydl_opts = {\n    \'format\': \'bestaudio/best\',\n    \'outtmpl\': \'core/qawwali/%(title)s.%(ext)s\',\n    \'postprocessors\': [{\n        \'key\': \'FFmpegExtractAudio\',\n        \'preferredcodec\': \'mp3\',\n        \'preferredquality\': \'192\',\n    }],\n}\nwith yt_dlp.YoutubeDL(ydl_opts) as ydl:\n    ydl.download([\'ytsearch1:Tumhe Dillagi Nusrat Fateh Ali Khan\'])\n"'}
[09:51:32] RESULT run_shell [ok] [youtube:search] Extracting URL: ytsearch1:Tumhe Dillagi Nusrat Fateh Ali Khan
[download] Downloading playlist: Tumhe Dillagi Nusrat Fateh Ali Khan
[youtube:search] query "Tumhe Dillagi Nusrat Fateh Ali Khan": Downloading web client config
[youtube:search] query "Tumhe Dillagi Nusrat Fateh Ali Khan" page 1: Downloading API JSON
[youtube:search] Playlist Tumhe Dillagi Nusrat Fateh Ali Khan: Downloading 1 items of 1
[download] Downloading item 1 of 1
[youtube] Extracting URL: https://www.youtube.com/watch?v=q4NVp-aFZSw
[youtube] q4NVp-aFZSw: Downloading webpage
[youtube] q4NVp-aFZSw: Downloading visionos player API JSON
[youtube] q4NVp-aFZSw: Downloading m3u8 information
[info] q4NVp-aFZSw: Downloading 1 format(s): 251
[download] Destination: core/qawwali/Tumhein Dillagi Bhool Jani Paray Gi｜ Ustad Nusrat Fateh Ali Khan｜ Best Ever｜.webm

[download]   0.0% of   15.46MiB at   79.26KiB/s ETA 03:20
[download]   0.0% of   15.46MiB at  196.09KiB/s ETA 01:20
[download]   0.0% of   15.46MiB at  407.15KiB/s ETA 00:38
[download]   0.1% of   15.46MiB at  768.51KiB/s ETA 00:20
[download]   0.2% of   15.46MiB at  778.39KiB/s ETA 00:20
[download]   0.4% of   15.46MiB at  614.60KiB/s ETA 00:25
[download]   0.8% of   15.46MiB at  578.95KiB/s ETA 00:27
[download]   1.6% of   15.46MiB at  529.06KiB/s ETA 00:29
[download]   3.2% of   15.46MiB at  569.00KiB/s ETA 00:26
[download]   6.5% of   15.46MiB at  654.74KiB/s ETA 00:22
[download]  11.3% of   15.46MiB at  684.49KiB/s ETA 00:20
[download]  15.9% of   15.46MiB at  586.64KiB/s ETA 00:22
[download]  18.7% of   15.46MiB at  544.70KiB/s ETA 00:23
[download]  21.1% of   15.46MiB at  527.94KiB/s ETA 00:23
[download]  23.8% of   15.46MiB at  548.57KiB/s ETA 00:21
[download]  28.8% of   15.46MiB at  591.26KiB/s ETA 00:19
[download]  34.7% of   15.46MiB at  569.69KiB/s ETA 00:18
[download]  37.8% of   15.46MiB at  540.35KiB/s ETA 00:18
[download]  39.9% of   15.46MiB at  541.23KiB/s ETA 00:17
[download]  43.5% of   15.46MiB at  511.72KiB/s ETA 00:17
[download]  45.4% of   15.46MiB at  503.38KiB/s ETA 00:17
[download]  47.8% of   15.46MiB at  508.53KiB/s ETA 00:16
[download]  51.8% of   15.46MiB at  524.87KiB/s ETA 00:14
[download]  57.2% of   15.46MiB at  535.62KiB/s ETA 00:12
[download]  61.4% of   15.46MiB at  539.86KiB/s ETA 00:11
[download]  62.4% of   15.46MiB at  542.09KiB/s ETA 00:10
[download]  62.4% of   15.46MiB at   60.45KiB/s ETA 01:39
[download]  62.4% of   15.46MiB at  127.79KiB/s ETA 00:46
[download]  62.4% of   15.46MiB at  235.09KiB/s ETA 00:25
[download]  62.5% of   15.46MiB at  423.52KiB/s ETA 00:14
[download]  62.6% of   15.46MiB at  734.79KiB/s ETA 00:08
[download]  62.8% of   15.46MiB at  951.94KiB/s ETA 00:06
[download]  63.2% of   15.46MiB at  890.21KiB/s ETA 00:06
[download]  64.0% of   15.46MiB at  961.41KiB/s ETA 00:05
[download]  65.6% of   15.46MiB at    1.01MiB/s ETA 00:05
[download]  68.9% of   15.46MiB at  859.43KiB/s ETA 00:05
[download]  73.5% of   15.46MiB at  816.24KiB/s ETA 00:05
[download]  78.3% of   15.46MiB at  731.99KiB/s ETA 00:04
[download]  82.1% of   15.46MiB at  796.96KiB/s ETA 00:03
[download]  89.5% of   15.46MiB at  847.99KiB/s ETA 00:01
[download]  96.0% of   15.46MiB at  790.03KiB/s ETA 00:00
[download]  99.9% of   15.46MiB at  833.42KiB/s ETA 00:00
[download] 100.0% of   15.46MiB at  835.56KiB/s ETA 00:00
[download] 100% of   15.46MiB in 00:00:25 at 617.83KiB/s 
[ExtractAudio] Destination: core/qawwali/Tumhein Dillagi Bhool Jani Paray Gi｜ Ustad Nusrat Fateh Ali Khan｜ Best Ever｜.mp3
Deleting original file core/qawwali/Tumhein Dillagi Bhool Jani Paray Gi｜ Ustad Nusrat Fateh Ali Khan｜ Best Ever｜.webm (pass -k to keep)
[download] Finished downloading playlist: Tumhe Dillagi Nusrat Fateh Ali Khan

[09:51:34] CALL list_directory {'path': 'core/qawwali'}
[09:51:34] RESULT list_directory [FAILED] Not a directory: /storage/emulated/0/core/qawwali
[09:51:36] CALL run_shell {'command': 'ls -l core/qawwali'}
[09:51:36] RESULT run_shell [ok] total 22788
-rw-rw----. 1 u0_a154 media_rw 23307309 Aug 22 09:51 Tumhein Dillagi Bhool Jani Paray Gi｜ Ustad Nusrat Fateh Ali Khan｜ Best Ever｜.mp3

[09:51:37] CALL finish_task {'success': True, 'summary': "Successfully downloaded 'Tumhe Dillagi' by Nusrat Fateh Ali Khan as an MP3 file and saved it to the core/qawwali directory."}
[09:51:37] RESULT finish_task [ok] Successfully downloaded 'Tumhe Dillagi' by Nusrat Fateh Ali Khan as an MP3 file and saved it to the core/qawwali directory.
[09:51:42] PAUSED: human confirmed finish: Successfully downloaded 'Tumhe Dillagi' by Nusrat Fateh Ali Khan as an MP3 file and saved it to the core/qawwali directory.
