[13:33:25] CALL run_shell {'command': 'echo "Hello world"'}
[13:33:25] RESULT run_shell [ok] Hello world

[13:33:26] CALL finish_task {'summary': 'Successfully executed a basic test command.', 'success': True}
[13:33:26] RESULT finish_task [ok] Successfully executed a basic test command.
[13:33:41] RESUMED
[13:33:42] CALL list_directory {'path': '.'}
[13:33:42] RESULT list_directory [ok] dir              Android
dir              Books
dir              DCIM
dir              Documents
dir              Download
dir              Files by Google
dir              MT2
dir              MacroDroid
dir              Movies
dir              Music
dir              Notifications
dir              PPSSPP
dir              Pictures
dir              ReadEra
dir              Recordings
dir              Ringtones
dir              WIN
dir              ctrl_check_outside
dir              fs_check_outside
dir              termux
[13:33:43] CALL find_files {'path': '.', 'pattern': '*'}
[13:33:43] RESULT find_files [ok] /storage/emulated/0/Android
/storage/emulated/0/Books
/storage/emulated/0/DCIM
/storage/emulated/0/Documents
/storage/emulated/0/Download
/storage/emulated/0/Files by Google
/storage/emulated/0/MT2
/storage/emulated/0/MacroDroid
/storage/emulated/0/Movies
/storage/emulated/0/Music
/storage/emulated/0/Notifications
/storage/emulated/0/PPSSPP
/storage/emulated/0/Pictures
/storage/emulated/0/ReadEra
/storage/emulated/0/Recordings
/storage/emulated/0/Ringtones
/storage/emulated/0/WIN
/storage/emulated/0/ctrl_check_outside
/storage/emulated/0/fs_check_outside
/storage/emulated/0/termux
[13:33:45] CALL run_shell {'command': 'pwd; ls -la'}
[13:33:45] RESULT run_shell [ok] /storage/emulated/0/termux
total 29
-rw-rw----. 1 u0_a154 media_rw 1571 Aug 18 15:09 .bashrc
drwxrws---. 4 u0_a154 media_rw 3452 Aug 20 11:15 agent
drwxrws---. 2 u0_a154 media_rw 3452 Aug 18 14:42 core
drwxrws---. 2 u0_a154 media_rw 3452 Aug 21 05:58 ctrl_check
drwxrws---. 2 u0_a154 media_rw 3452 Aug 20 14:42 fs_check
drwxrws---. 3 u0_a154 media_rw 3452 Aug 20 14:52 git_check
drwxrws---. 2 u0_a154 media_rw 3452 Aug 20 14:46 shell_check
drwxrws---. 4 u0_a154 media_rw 3452 Aug 21 05:58 temp

[13:33:46] CALL list_directory {'path': 'agent'}
[13:33:46] RESULT list_directory [FAILED] Not a directory: /storage/emulated/0/agent
[13:33:47] CALL list_directory {'path': '.'}
[13:33:47] RESULT list_directory [ok] dir              Android
dir              Books
dir              DCIM
dir              Documents
dir              Download
dir              Files by Google
dir              MT2
dir              MacroDroid
dir              Movies
dir              Music
dir              Notifications
dir              PPSSPP
dir              Pictures
dir              ReadEra
dir              Recordings
dir              Ringtones
dir              WIN
dir              ctrl_check_outside
dir              fs_check_outside
dir              termux
[13:33:48] CALL run_shell {'command': 'echo "Ready for your actual task or instructions!"'}
[13:33:48] RESULT run_shell [ok] Ready for your actual task or instructions!

[13:33:49] CALL finish_task {'summary': "Confirmed environment is working and waiting for the user's instructions.", 'success': True}
[13:33:49] RESULT finish_task [ok] Confirmed environment is working and waiting for the user's instructions.
[13:33:55] PAUSED: human confirmed finish: Confirmed environment is working and waiting for the user's instructions.
