[09:34:36] CALL find_files {'path': '.', 'pattern': '*'}
[09:34:36] RESULT find_files [ok] /storage/emulated/0/Android
/storage/emulated/0/Books
/storage/emulated/0/DCIM
/storage/emulated/0/Documents
/storage/emulated/0/Download
/storage/emulated/0/Files by Google
/storage/emulated/0/MT2
/storage/emulated/0/MacroDroid
/storage/emulated/0/Movies
/storage/emulated/0/Music
/storage/emulated/0/Notifications
/storage/emulated/0/PPSSPP
/storage/emulated/0/Pictures
/storage/emulated/0/ReadEra
/storage/emulated/0/Recordings
/storage/emulated/0/Ringtones
/storage/emulated/0/WIN
/storage/emulated/0/core
/storage/emulated/0/ctrl_check_outside
/storage/emulated/0/fs_check_outside
/storage/emulated/0/termux
[09:34:37] CALL list_directory {'path': 'core'}
[09:34:37] RESULT list_directory [ok] file      44949  faah.mp3
file       6406  part1.amr
file     128078  part1.wav
file       5894  part2.amr
file     117838  part2.wav
file      12294  recent_audio.amr
file       1254  tetris.md
file       1749  tetris.pdf
file        387  transcription.txt
[09:34:39] CALL run_shell {'command': 'curl -L -s "https://www.myinstants.com/media/sounds/fart-with-reverb.mp3" -o core/fart.mp3 || curl -L -s "https://freesound.org/data/previews/515/515826_11295287-lq.mp3" -o core/fart.mp3'}
[09:34:39] RESULT run_shell [ok] 
[09:34:40] CALL list_directory {'path': 'core'}
[09:34:40] RESULT list_directory [ok] file      44949  faah.mp3
file       6406  part1.amr
file     128078  part1.wav
file       5894  part2.amr
file     117838  part2.wav
file      12294  recent_audio.amr
file       1254  tetris.md
file       1749  tetris.pdf
file        387  transcription.txt
[09:34:42] CALL run_shell {'command': 'python3 -c \'\nimport urllib.request\nurls = [\n    "https://www.myinstants.com/media/sounds/fart-with-reverb.mp3",\n    "https://www.myinstants.com/media/sounds/fart.mp3",\n    "https://www.myinstants.com/media/sounds/cartoon-fart_1.mp3",\n    "https://actions.google.com/sounds/v1/cartoon/fart.ogg"\n]\nfor url in urls:\n    try:\n        print("Trying", url)\n        req = urllib.request.Request(url, headers={"User-Agent": "Mozilla/5.0"})\n        with urllib.request.urlopen(req) as resp:\n            data = resp.read()\n            if len(data) > 1000:\n                with open("core/fart.mp3", "wb") as f:\n                    f.write(data)\n                print("Downloaded successfully! Size:", len(data))\n                break\n    except Exception as e:\n        print("Failed:", e)\n\''}
[09:34:42] RESULT run_shell [ok] Trying https://www.myinstants.com/media/sounds/fart-with-reverb.mp3
Downloaded successfully! Size: 52079

[09:34:44] CALL list_directory {'path': 'core'}
[09:34:44] RESULT list_directory [ok] file      44949  faah.mp3
file       6406  part1.amr
file     128078  part1.wav
file       5894  part2.amr
file     117838  part2.wav
file      12294  recent_audio.amr
file       1254  tetris.md
file       1749  tetris.pdf
file        387  transcription.txt
[09:34:46] CALL run_shell {'command': 'python3 -c \'\nimport urllib.request\nurl = "https://www.myinstants.com/media/sounds/fart-with-reverb.mp3"\nreq = urllib.request.Request(url, headers={"User-Agent": "Mozilla/5.0"})\nwith urllib.request.urlopen(req) as resp:\n    data = resp.read()\n    with open("core/fart.mp3", "wb") as f:\n        f.write(data)\nprint("Wrote", len(data), "bytes")\n\' && ls -l core/fart.mp3'}
[09:34:47] RESULT run_shell [ok] Wrote 52079 bytes
-rw-rw----. 1 u0_a154 media_rw 52079 Aug 22 09:34 core/fart.mp3

[09:34:49] CALL list_directory {'path': 'core'}
[09:34:50] RESULT list_directory [ok] file      44949  faah.mp3
file       6406  part1.amr
file     128078  part1.wav
file       5894  part2.amr
file     117838  part2.wav
file      12294  recent_audio.amr
file       1254  tetris.md
file       1749  tetris.pdf
file        387  transcription.txt
[09:34:51] CALL run_shell {'command': 'ls -la core/'}
[09:34:51] RESULT run_shell [ok] total 2292
-rw-rw----. 1 u0_a154 media_rw    1571 Aug 18 14:39 .bashrc
-rw-rw----. 1 u0_a154 media_rw  172000 Aug 21 17:08 Tetris_Fun_Guide.pptx
drwxrws---. 2 u0_a154 media_rw    3452 Aug 21 17:08 core_assets
-rw-rw----. 1 u0_a154 media_rw   92771 Aug 22 07:40 drake.jpg
-rw-rw----. 1 u0_a154 media_rw   46125 Aug 21 19:16 faah.mp3
-rw-rw----. 1 u0_a154 media_rw   52079 Aug 22 09:34 fart.mp3
-rw-rw----. 1 u0_a154 media_rw 1963050 Aug 22 07:40 meme2.jpg
-rw-rw----. 1 u0_a154 media_rw     387 Aug 21 19:32 transcription.txt

[09:34:53] CALL finish_task {'summary': 'Successfully downloaded a fart sound effect (fart.mp3) into the core directory.', 'success': True}
[09:34:53] RESULT finish_task [ok] Successfully downloaded a fart sound effect (fart.mp3) into the core directory.
[09:37:46] RESUMED
[09:37:48] CALL run_shell {'command': 'python3 -c \'\nimport urllib.request, os\nurls = [\n    ("https://www.myinstants.com/media/sounds/fart.mp3", "core/fart_classic.mp3"),\n    ("https://www.myinstants.com/media/sounds/cartoon-fart_1.mp3", "core/fart_cartoon.mp3"),\n    ("https://www.myinstants.com/media/sounds/long-fart.mp3", "core/fart_long.mp3")\n]\nfor url, path in urls:\n    try:\n        req = urllib.request.Request(url, headers={"User-Agent": "Mozilla/5.0"})\n        with urllib.request.urlopen(req) as resp:\n            data = resp.read()\n            if len(data) > 500:\n                with open(path, "wb") as f:\n                    f.write(data)\n                print("Downloaded", path, len(data))\n    except Exception as e:\n        print("Error for", url, e)\n\' && ls -lh core/fart*.mp3'}
[09:37:50] RESULT run_shell [ok] Downloaded core/fart_classic.mp3 4077
Error for https://www.myinstants.com/media/sounds/cartoon-fart_1.mp3 HTTP Error 404: Not Found
Downloaded core/fart_long.mp3 415254
-rw-rw----. 1 u0_a154 media_rw  51K Aug 22 09:34 core/fart.mp3
-rw-rw----. 1 u0_a154 media_rw 4.0K Aug 22 09:37 core/fart_classic.mp3
-rw-rw----. 1 u0_a154 media_rw 406K Aug 22 09:37 core/fart_long.mp3

[09:37:51] CALL run_shell {'command': 'python3 -c \'\nimport urllib.request\nurls = [\n    ("https://www.myinstants.com/media/sounds/wet-fart.mp3", "core/fart_wet.mp3"),\n    ("https://www.myinstants.com/media/sounds/mega-fart.mp3", "core/fart_mega.mp3"),\n    ("https://www.myinstants.com/media/sounds/funny-fart.mp3", "core/fart_funny.mp3")\n]\nfor url, path in urls:\n    try:\n        req = urllib.request.Request(url, headers={"User-Agent": "Mozilla/5.0"})\n        with urllib.request.urlopen(req) as resp:\n            data = resp.read()\n            if len(data) > 500:\n                with open(path, "wb") as f:\n                    f.write(data)\n                print("Downloaded", path, len(data))\n    except Exception as e:\n        print("Error for", url, e)\n\' && ls -lh core/fart*.mp3'}
[09:37:54] RESULT run_shell [ok] Downloaded core/fart_wet.mp3 14829
Downloaded core/fart_mega.mp3 433321
Downloaded core/fart_funny.mp3 1690
-rw-rw----. 1 u0_a154 media_rw  51K Aug 22 09:34 core/fart.mp3
-rw-rw----. 1 u0_a154 media_rw 4.0K Aug 22 09:37 core/fart_classic.mp3
-rw-rw----. 1 u0_a154 media_rw 1.7K Aug 22 09:37 core/fart_funny.mp3
-rw-rw----. 1 u0_a154 media_rw 406K Aug 22 09:37 core/fart_long.mp3
-rw-rw----. 1 u0_a154 media_rw 424K Aug 22 09:37 core/fart_mega.mp3
-rw-rw----. 1 u0_a154 media_rw  15K Aug 22 09:37 core/fart_wet.mp3

[09:37:56] CALL finish_task {'summary': 'Downloaded multiple varieties of fart sound effects (reverb, classic, long, wet, mega, funny) into the core directory.', 'success': True}
[09:37:56] RESULT finish_task [ok] Downloaded multiple varieties of fart sound effects (reverb, classic, long, wet, mega, funny) into the core directory.
[09:39:26] PAUSED: human confirmed finish: Downloaded multiple varieties of fart sound effects (reverb, classic, long, wet, mega, funny) into the core directory.
