[15:54:19] CALL run_shell {'command': 'pwd && ls -la /sdcard /storage/emulated/0 2>/dev/null || true'}
[15:54:19] RESULT run_shell [ok] /storage/emulated/0/termux
lrw-r--r--.  1 root     root       21 Jan  1  2009 /sdcard -> /storage/self/primary

/storage/emulated/0:
total 92
drwxrws--x.  5 media_rw media_rw  3452 Jan  1  2022 Android
drwxrws---.  7 u0_a154  media_rw  8192 Jul 29 09:49 Books
drwxrws---.  4 u0_a154  media_rw  3452 Jul 29 12:04 DCIM
drwxrws---.  4 u0_a154  media_rw  3452 Aug 17 22:36 Documents
drwxrws---.  4 u0_a154  media_rw 53248 Aug 22 15:52 Download
drwxrws---.  3 u0_a154  media_rw  3452 Feb 11  2026 Files by Google
drwxrws---.  3 u0_a154  media_rw  3452 Apr  6 12:32 MT2
drwxrws---.  3 u0_a154  media_rw  3452 Apr 26 23:12 MacroDroid
drwxrws---.  6 u0_a154  media_rw  3452 Aug  5 23:04 Movies
drwxrws---.  6 u0_a154  media_rw  8192 Mar  6 08:08 Music
drwxrws---.  2 u0_a154  media_rw  3452 May  4 08:27 Notifications
drwxrws---.  3 u0_a154  media_rw  3452 Aug 21 10:16 PPSSPP
drwxrws---. 15 u0_a154  media_rw  8192 Aug 18 15:04 Pictures
drwxrws---.  4 u0_a154  media_rw  3452 Jul 21  2025 ReadEra
drwxrws---.  3 u0_a154  media_rw  3452 Jul 13  2025 Recordings
drwxrws---.  2 u0_a154  media_rw  3452 Aug 17 18:01 Ringtones
drwxrws---.  4 u0_a154  media_rw  3452 May 16 06:25 WIN
drwxrws---.  2 u0_a154  media_rw  3452 Aug 21 05:58 ctrl_check_outside
drwxrws---.  2 u0_a154  media_rw  3452 Aug 20 14:42 fs_check_outside
drwxrws---. 10 u0_a154  media_rw  3452 Aug 22 09:20 termux
drwxrws---.  4 u0_a154  media_rw  3452 Aug 22 15:19 xilinx vivado_crack

[15:54:20] CALL run_shell {'command': 'find . -name "*.mp3"'}
[15:54:20] RESULT run_shell [ok] ./core/faah.mp3
./core/fart.mp3
./core/fart_classic.mp3
./core/fart_long.mp3
./core/fart_wet.mp3
./core/fart_mega.mp3
./core/fart_funny.mp3
./core/qawwali/Tumhein Dillagi Bhool Jani Paray Gi｜ Ustad Nusrat Fateh Ali Khan｜ Best Ever｜.mp3
./core/qawwali/Tumhein_Dillagi_15MB.mp3

[15:54:22] CALL run_shell {'command': 'mkdir -p /storage/emulated/0/mp3 && find . -name "*.mp3" -exec cp -v {} /storage/emulated/0/mp3/ \\;'}
[15:54:22] RESULT run_shell [ok] './core/faah.mp3' -> '/storage/emulated/0/mp3/faah.mp3'
'./core/fart.mp3' -> '/storage/emulated/0/mp3/fart.mp3'
'./core/fart_classic.mp3' -> '/storage/emulated/0/mp3/fart_classic.mp3'
'./core/fart_long.mp3' -> '/storage/emulated/0/mp3/fart_long.mp3'
'./core/fart_wet.mp3' -> '/storage/emulated/0/mp3/fart_wet.mp3'
'./core/fart_mega.mp3' -> '/storage/emulated/0/mp3/fart_mega.mp3'
'./core/fart_funny.mp3' -> '/storage/emulated/0/mp3/fart_funny.mp3'
'./core/qawwali/Tumhein Dillagi Bhool Jani Paray Gi｜ Ustad Nusrat Fateh Ali Khan｜ Best Ever｜.mp3' -> '/storage/emulated/0/mp3/Tumhein Dillagi Bhool Jani Paray Gi｜ Ustad Nusrat Fateh Ali Khan｜ Best Ever｜.mp3'
'./core/qawwali/Tumhein_Dillagi_15MB.mp3' -> '/storage/emulated/0/mp3/Tumhein_Dillagi_15MB.mp3'

[15:54:23] CALL run_shell {'command': 'ls -la /storage/emulated/0/mp3'}
[15:54:24] RESULT run_shell [ok] total 39116
-rw-rw----. 1 u0_a154 media_rw 23307309 Aug 22 15:54 Tumhein Dillagi Bhool Jani Paray Gi｜ Ustad Nusrat Fateh Ali Khan｜ Best Ever｜.mp3
-rw-rw----. 1 u0_a154 media_rw 15728640 Aug 22 15:54 Tumhein_Dillagi_15MB.mp3
-rw-rw----. 1 u0_a154 media_rw    44949 Aug 22 15:54 faah.mp3
-rw-rw----. 1 u0_a154 media_rw    52079 Aug 22 15:54 fart.mp3
-rw-rw----. 1 u0_a154 media_rw     4077 Aug 22 15:54 fart_classic.mp3
-rw-rw----. 1 u0_a154 media_rw     1690 Aug 22 15:54 fart_funny.mp3
-rw-rw----. 1 u0_a154 media_rw   415254 Aug 22 15:54 fart_long.mp3
-rw-rw----. 1 u0_a154 media_rw   433321 Aug 22 15:54 fart_mega.mp3
-rw-rw----. 1 u0_a154 media_rw    14829 Aug 22 15:54 fart_wet.mp3

[15:54:25] CALL finish_task {'success': True, 'summary': 'Created the folder `/storage/emulated/0/mp3` and successfully copied all `.mp3` files found recursively within the Termux directory into it.'}
[15:54:25] RESULT finish_task [ok] Created the folder `/storage/emulated/0/mp3` and successfully copied all `.mp3` files found recursively within the Termux directory into it.
[15:54:36] PAUSED: human confirmed finish: Created the folder `/storage/emulated/0/mp3` and successfully copied all `.mp3` files found recursively within the Termux directory into it.
